// Jest Snapshot v1, https://goo.gl/fbAQLP

exports[`Footer 1`] = `
<footer
  className="footer"
>
  <div
    className="container"
  >
    <div
      className="has-text-centered content"
    >
      <p
        className={undefined}
      >
        Made with ðŸŒ³ðŸ”¥ðŸ’¨ by Intuit. Licensed under the
         
        <a
          href="http://opensource.org/licenses/mit-license.php"
        >
          MIT
        </a>
         
        License.
      </p>
    </div>
  </div>
</footer>
`;
