// Jest Snapshot v1, https://goo.gl/fbAQLP

exports[`bulma - row 1`] = `
"
        <div class=\\"columns \\">
      <h1>Title</h1>
<h2>I can contain various combinations of elements.</h2>

      </div>
    "
`;
