// Jest Snapshot v1, https://goo.gl/fbAQLP

exports[`jsx - inline 1`] = `
"<pluginprovider name=!{'Foo'!} plugins=!{props.plugins!} />
"
`;
