// Jest Snapshot v1, https://goo.gl/fbAQLP

exports[` 1`] = `
"
    [Link](#foo)
    [Another](#/pages/intro.md)
  "
`;
